[debug] [2026-10-02T22:04:33.255Z] ----------------------------------------------------------------------
[debug] [2026-10-02T22:04:33.866Z] ----------------------------------------------------------------------
[debug] [2026-10-02T22:04:33.683Z] ----------------------------------------------------------------------
[debug] [2026-10-02T22:04:33.315Z] ----------------------------------------------------------------------
[debug] [2026-10-02T22:04:33.283Z] ----------------------------------------------------------------------
[debug] [2026-10-02T22:04:33.424Z] ----------------------------------------------------------------------
[debug] [2026-10-02T22:04:33.256Z] ----------------------------------------------------------------------
[debug] [2026-10-02T22:04:33.274Z] Command:       /usr/local/bin/node /usr/local/bin/firebase deploy --only hosting
[debug] [2026-10-02T22:04:33.274Z] CLI Version:   15.24.0
[debug] [2026-10-02T22:04:33.274Z] Platform:      darwin
[debug] [2026-10-02T22:04:33.274Z] Node Version:  v24.14.0
[debug] [2026-10-02T22:04:33.275Z] Detected Agent: unknown
[debug] [2026-10-02T22:04:33.275Z] Time:          Fri Oct 02 2026 19:04:33 GMT-0300 (Brasilia Standard Time)
[debug] [2026-10-02T22:04:33.275Z] ----------------------------------------------------------------------
[debug] 
[debug] [2026-10-02T22:04:33.298Z] >>> [apiv2][query] GET https://firebase-public.firebaseio.com/cli.json [none]
[debug] [2026-10-02T22:04:37.043Z] > command requires scopes: ["email","openid","https://www.googleapis.com/auth/cloudplatformprojects.readonly","https://www.googleapis.com/auth/firebase","https://www.googleapis.com/auth/cloud-platform"]
[debug] [2026-10-02T22:04:37.043Z] > authorizing via signed-in user (leobranco@eicschool.com.br)
[debug] [2026-10-02T22:04:37.043Z] [iam] checking project eic-worksheets for permissions ["firebase.projects.get","firebasehosting.sites.update"]
[debug] [2026-10-02T22:04:37.045Z] Checked if tokens are valid: false, expires at: 1790964138773
[debug] [2026-10-02T22:04:37.046Z] Checked if tokens are valid: false, expires at: 1790964138773
[debug] [2026-10-02T22:04:37.046Z] > refreshing access token with scopes: []
[debug] [2026-10-02T22:04:37.049Z] >>> [apiv2][query] POST https://www.googleapis.com/oauth2/v3/token [none]
[debug] [2026-10-02T22:04:37.049Z] >>> [apiv2][body] POST https://www.googleapis.com/oauth2/v3/token [omitted]
[debug] [2026-10-02T22:04:37.390Z] <<< [apiv2][status] POST https://www.googleapis.com/oauth2/v3/token 200
[debug] [2026-10-02T22:04:37.390Z] <<< [apiv2][body] POST https://www.googleapis.com/oauth2/v3/token [omitted]
[debug] [2026-10-02T22:04:38.213Z] >>> [apiv2][query] POST https://cloudresourcemanager.googleapis.com/v1/projects/eic-worksheets:testIamPermissions [none]
[debug] [2026-10-02T22:04:38.222Z] >>> [apiv2][(partial)header] POST https://cloudresourcemanager.googleapis.com/v1/projects/eic-worksheets:testIamPermissions  x-goog-user-project=eic-worksheets
[debug] [2026-10-02T22:04:38.222Z] >>> [apiv2][body] POST https://cloudresourcemanager.googleapis.com/v1/projects/eic-worksheets:testIamPermissions {"permissions":["firebase.projects.get","firebasehosting.sites.update"]}
[debug] [2026-10-02T22:04:33.287Z] ----------------------------------------------------------------------
[debug] [2026-10-02T22:04:33.542Z] ----------------------------------------------------------------------
[debug] [2026-10-02T22:04:33.620Z] ----------------------------------------------------------------------
[debug] [2026-10-02T22:04:33.872Z] Command:       /usr/local/bin/node /usr/local/bin/firebase deploy --only hosting
[debug] [2026-10-02T22:04:33.872Z] CLI Version:   15.24.0
[debug] [2026-10-02T22:04:33.872Z] Platform:      darwin
[debug] [2026-10-02T22:04:33.872Z] Node Version:  v24.14.0
[debug] [2026-10-02T22:04:33.872Z] Detected Agent: unknown
[debug] [2026-10-02T22:04:33.872Z] Time:          Fri Oct 02 2026 19:04:33 GMT-0300 (Brasilia Standard Time)
[debug] [2026-10-02T22:04:33.873Z] ----------------------------------------------------------------------
[debug] 
[debug] [2026-10-02T22:04:34.023Z] >>> [apiv2][query] GET https://firebase-public.firebaseio.com/cli.json [none]
[debug] [2026-10-02T22:04:37.194Z] > command requires scopes: ["email","openid","https://www.googleapis.com/auth/cloudplatformprojects.readonly","https://www.googleapis.com/auth/firebase","https://www.googleapis.com/auth/cloud-platform"]
[debug] [2026-10-02T22:04:37.195Z] > authorizing via signed-in user (leobranco@eicschool.com.br)
[debug] [2026-10-02T22:04:37.195Z] [iam] checking project eic-worksheets for permissions ["firebase.projects.get","firebasehosting.sites.update"]
[debug] [2026-10-02T22:04:37.197Z] Checked if tokens are valid: false, expires at: 1790964138773
[debug] [2026-10-02T22:04:37.197Z] Checked if tokens are valid: false, expires at: 1790964138773
[debug] [2026-10-02T22:04:37.197Z] > refreshing access token with scopes: []
[debug] [2026-10-02T22:04:37.200Z] >>> [apiv2][query] POST https://www.googleapis.com/oauth2/v3/token [none]
[debug] [2026-10-02T22:04:37.200Z] >>> [apiv2][body] POST https://www.googleapis.com/oauth2/v3/token [omitted]
[debug] [2026-10-02T22:04:37.594Z] <<< [apiv2][status] POST https://www.googleapis.com/oauth2/v3/token 200
[debug] [2026-10-02T22:04:37.594Z] <<< [apiv2][body] POST https://www.googleapis.com/oauth2/v3/token [omitted]
[debug] [2026-10-02T22:04:38.141Z] >>> [apiv2][query] POST https://cloudresourcemanager.googleapis.com/v1/projects/eic-worksheets:testIamPermissions [none]
[debug] [2026-10-02T22:04:38.141Z] >>> [apiv2][(partial)header] POST https://cloudresourcemanager.googleapis.com/v1/projects/eic-worksheets:testIamPermissions  x-goog-user-project=eic-worksheets
[debug] [2026-10-02T22:04:38.141Z] >>> [apiv2][body] POST https://cloudresourcemanager.googleapis.com/v1/projects/eic-worksheets:testIamPermissions {"permissions":["firebase.projects.get","firebasehosting.sites.update"]}
[debug] [2026-10-02T22:04:38.145Z] <<< [apiv2][status] GET https://firebase-public.firebaseio.com/cli.json 200
[debug] [2026-10-02T22:04:38.145Z] <<< [apiv2][body] GET https://firebase-public.firebaseio.com/cli.json {"cloudBuildErrorAfter":1594252800000,"cloudBuildWarnAfter":1590019200000,"defaultNode10After":1594252800000,"minVersion":"3.0.5","node8DeploysDisabledAfter":1613390400000,"node8RuntimeDisabledAfter":1615809600000,"node8WarnAfter":1600128000000}
[debug] [2026-10-02T22:04:33.590Z] Command:       /usr/local/bin/node /usr/local/bin/firebase deploy --only hosting
[debug] [2026-10-02T22:04:33.590Z] CLI Version:   15.24.0
[debug] [2026-10-02T22:04:33.590Z] Platform:      darwin
[debug] [2026-10-02T22:04:33.590Z] Node Version:  v24.14.0
[debug] [2026-10-02T22:04:33.591Z] Detected Agent: unknown
[debug] [2026-10-02T22:04:33.591Z] Time:          Fri Oct 02 2026 19:04:33 GMT-0300 (Brasilia Standard Time)
[debug] [2026-10-02T22:04:33.591Z] ----------------------------------------------------------------------
[debug] 
[debug] [2026-10-02T22:04:33.647Z] >>> [apiv2][query] GET https://firebase-public.firebaseio.com/cli.json [none]
[debug] [2026-10-02T22:04:37.258Z] > command requires scopes: ["email","openid","https://www.googleapis.com/auth/cloudplatformprojects.readonly","https://www.googleapis.com/auth/firebase","https://www.googleapis.com/auth/cloud-platform"]
[debug] [2026-10-02T22:04:37.258Z] > authorizing via signed-in user (leobranco@eicschool.com.br)
[debug] [2026-10-02T22:04:37.258Z] [iam] checking project eic-worksheets for permissions ["firebase.projects.get","firebasehosting.sites.update"]
[debug] [2026-10-02T22:04:37.269Z] Checked if tokens are valid: false, expires at: 1790964138773
[debug] [2026-10-02T22:04:37.270Z] Checked if tokens are valid: false, expires at: 1790964138773
[debug] [2026-10-02T22:04:37.270Z] > refreshing access token with scopes: []
[debug] [2026-10-02T22:04:37.271Z] >>> [apiv2][query] POST https://www.googleapis.com/oauth2/v3/token [none]
[debug] [2026-10-02T22:04:37.271Z] >>> [apiv2][body] POST https://www.googleapis.com/oauth2/v3/token [omitted]
[debug] [2026-10-02T22:04:37.591Z] <<< [apiv2][status] POST https://www.googleapis.com/oauth2/v3/token 200
[debug] [2026-10-02T22:04:37.591Z] <<< [apiv2][body] POST https://www.googleapis.com/oauth2/v3/token [omitted]
[debug] [2026-10-02T22:04:38.211Z] >>> [apiv2][query] POST https://cloudresourcemanager.googleapis.com/v1/projects/eic-worksheets:testIamPermissions [none]
[debug] [2026-10-02T22:04:38.213Z] >>> [apiv2][(partial)header] POST https://cloudresourcemanager.googleapis.com/v1/projects/eic-worksheets:testIamPermissions  x-goog-user-project=eic-worksheets
[debug] [2026-10-02T22:04:38.213Z] >>> [apiv2][body] POST https://cloudresourcemanager.googleapis.com/v1/projects/eic-worksheets:testIamPermissions {"permissions":["firebase.projects.get","firebasehosting.sites.update"]}
[debug] [2026-10-02T22:04:38.237Z] <<< [apiv2][status] GET https://firebase-public.firebaseio.com/cli.json 200
[debug] [2026-10-02T22:04:38.237Z] <<< [apiv2][body] GET https://firebase-public.firebaseio.com/cli.json {"cloudBuildErrorAfter":1594252800000,"cloudBuildWarnAfter":1590019200000,"defaultNode10After":1594252800000,"minVersion":"3.0.5","node8DeploysDisabledAfter":1613390400000,"node8RuntimeDisabledAfter":1615809600000,"node8WarnAfter":1600128000000}
[debug] [2026-10-02T22:04:33.863Z] Command:       /usr/local/bin/node /usr/local/bin/firebase deploy --only hosting
[debug] [2026-10-02T22:04:33.863Z] CLI Version:   15.24.0
[debug] [2026-10-02T22:04:33.863Z] Platform:      darwin
[debug] [2026-10-02T22:04:33.863Z] Node Version:  v24.14.0
[debug] [2026-10-02T22:04:33.864Z] Detected Agent: unknown
[debug] [2026-10-02T22:04:33.864Z] Time:          Fri Oct 02 2026 19:04:33 GMT-0300 (Brasilia Standard Time)
[debug] [2026-10-02T22:04:33.864Z] ----------------------------------------------------------------------
[debug] 
[debug] [2026-10-02T22:04:33.898Z] >>> [apiv2][query] GET https://firebase-public.firebaseio.com/cli.json [none]
[debug] [2026-10-02T22:04:37.296Z] > command requires scopes: ["email","openid","https://www.googleapis.com/auth/cloudplatformprojects.readonly","https://www.googleapis.com/auth/firebase","https://www.googleapis.com/auth/cloud-platform"]
[debug] [2026-10-02T22:04:37.297Z] > authorizing via signed-in user (leobranco@eicschool.com.br)
[debug] [2026-10-02T22:04:37.297Z] [iam] checking project eic-worksheets for permissions ["firebase.projects.get","firebasehosting.sites.update"]
[debug] [2026-10-02T22:04:37.297Z] Checked if tokens are valid: false, expires at: 1790964138773
[debug] [2026-10-02T22:04:37.297Z] Checked if tokens are valid: false, expires at: 1790964138773
[debug] [2026-10-02T22:04:37.297Z] > refreshing access token with scopes: []
[debug] [2026-10-02T22:04:37.298Z] >>> [apiv2][query] POST https://www.googleapis.com/oauth2/v3/token [none]
[debug] [2026-10-02T22:04:37.298Z] >>> [apiv2][body] POST https://www.googleapis.com/oauth2/v3/token [omitted]
[debug] [2026-10-02T22:04:37.597Z] <<< [apiv2][status] POST https://www.googleapis.com/oauth2/v3/token 200
[debug] [2026-10-02T22:04:37.597Z] <<< [apiv2][body] POST https://www.googleapis.com/oauth2/v3/token [omitted]
[debug] [2026-10-02T22:04:38.210Z] >>> [apiv2][query] POST https://cloudresourcemanager.googleapis.com/v1/projects/eic-worksheets:testIamPermissions [none]
[debug] [2026-10-02T22:04:38.210Z] >>> [apiv2][(partial)header] POST https://cloudresourcemanager.googleapis.com/v1/projects/eic-worksheets:testIamPermissions  x-goog-user-project=eic-worksheets
[debug] [2026-10-02T22:04:38.210Z] >>> [apiv2][body] POST https://cloudresourcemanager.googleapis.com/v1/projects/eic-worksheets:testIamPermissions {"permissions":["firebase.projects.get","firebasehosting.sites.update"]}
[debug] [2026-10-02T22:04:38.220Z] <<< [apiv2][status] GET https://firebase-public.firebaseio.com/cli.json 200
[debug] [2026-10-02T22:04:38.220Z] <<< [apiv2][body] GET https://firebase-public.firebaseio.com/cli.json {"cloudBuildErrorAfter":1594252800000,"cloudBuildWarnAfter":1590019200000,"defaultNode10After":1594252800000,"minVersion":"3.0.5","node8DeploysDisabledAfter":1613390400000,"node8RuntimeDisabledAfter":1615809600000,"node8WarnAfter":1600128000000}
[debug] [2026-10-02T22:04:33.548Z] Command:       /usr/local/bin/node /usr/local/bin/firebase deploy --only hosting
[debug] [2026-10-02T22:04:33.549Z] CLI Version:   15.24.0
[debug] [2026-10-02T22:04:33.549Z] Platform:      darwin
[debug] [2026-10-02T22:04:33.549Z] Node Version:  v24.14.0
[debug] [2026-10-02T22:04:33.549Z] Detected Agent: unknown
[debug] [2026-10-02T22:04:33.549Z] Time:          Fri Oct 02 2026 19:04:33 GMT-0300 (Brasilia Standard Time)
[debug] [2026-10-02T22:04:33.549Z] ----------------------------------------------------------------------
[debug] 
[debug] [2026-10-02T22:04:33.573Z] >>> [apiv2][query] GET https://firebase-public.firebaseio.com/cli.json [none]
[debug] [2026-10-02T22:04:37.162Z] > command requires scopes: ["email","openid","https://www.googleapis.com/auth/cloudplatformprojects.readonly","https://www.googleapis.com/auth/firebase","https://www.googleapis.com/auth/cloud-platform"]
[debug] [2026-10-02T22:04:37.165Z] > authorizing via signed-in user (leobranco@eicschool.com.br)
[debug] [2026-10-02T22:04:37.166Z] [iam] checking project eic-worksheets for permissions ["firebase.projects.get","firebasehosting.sites.update"]
[debug] [2026-10-02T22:04:37.166Z] Checked if tokens are valid: false, expires at: 1790964138773
[debug] [2026-10-02T22:04:37.166Z] Checked if tokens are valid: false, expires at: 1790964138773
[debug] [2026-10-02T22:04:37.167Z] > refreshing access token with scopes: []
[debug] [2026-10-02T22:04:37.170Z] >>> [apiv2][query] POST https://www.googleapis.com/oauth2/v3/token [none]
[debug] [2026-10-02T22:04:37.171Z] >>> [apiv2][body] POST https://www.googleapis.com/oauth2/v3/token [omitted]
[debug] [2026-10-02T22:04:37.437Z] <<< [apiv2][status] POST https://www.googleapis.com/oauth2/v3/token 200
[debug] [2026-10-02T22:04:37.437Z] <<< [apiv2][body] POST https://www.googleapis.com/oauth2/v3/token [omitted]
[debug] [2026-10-02T22:04:38.211Z] >>> [apiv2][query] POST https://cloudresourcemanager.googleapis.com/v1/projects/eic-worksheets:testIamPermissions [none]
[debug] [2026-10-02T22:04:38.212Z] >>> [apiv2][(partial)header] POST https://cloudresourcemanager.googleapis.com/v1/projects/eic-worksheets:testIamPermissions  x-goog-user-project=eic-worksheets
[debug] [2026-10-02T22:04:38.213Z] >>> [apiv2][body] POST https://cloudresourcemanager.googleapis.com/v1/projects/eic-worksheets:testIamPermissions {"permissions":["firebase.projects.get","firebasehosting.sites.update"]}
[debug] [2026-10-02T22:04:38.243Z] <<< [apiv2][status] GET https://firebase-public.firebaseio.com/cli.json 200
[debug] [2026-10-02T22:04:38.243Z] <<< [apiv2][body] GET https://firebase-public.firebaseio.com/cli.json {"cloudBuildErrorAfter":1594252800000,"cloudBuildWarnAfter":1590019200000,"defaultNode10After":1594252800000,"minVersion":"3.0.5","node8DeploysDisabledAfter":1613390400000,"node8RuntimeDisabledAfter":1615809600000,"node8WarnAfter":1600128000000}
[debug] [2026-10-02T22:04:38.242Z] <<< [apiv2][status] GET https://firebase-public.firebaseio.com/cli.json 200
[debug] [2026-10-02T22:04:38.243Z] <<< [apiv2][body] GET https://firebase-public.firebaseio.com/cli.json {"cloudBuildErrorAfter":1594252800000,"cloudBuildWarnAfter":1590019200000,"defaultNode10After":1594252800000,"minVersion":"3.0.5","node8DeploysDisabledAfter":1613390400000,"node8RuntimeDisabledAfter":1615809600000,"node8WarnAfter":1600128000000}
[debug] [2026-10-02T22:04:33.628Z] Command:       /usr/local/bin/node /usr/local/bin/firebase deploy --only hosting
[debug] [2026-10-02T22:04:33.629Z] CLI Version:   15.24.0
[debug] [2026-10-02T22:04:33.629Z] Platform:      darwin
[debug] [2026-10-02T22:04:33.630Z] Node Version:  v24.14.0
[debug] [2026-10-02T22:04:33.630Z] Detected Agent: unknown
[debug] [2026-10-02T22:04:33.630Z] Time:          Fri Oct 02 2026 19:04:33 GMT-0300 (Brasilia Standard Time)
[debug] [2026-10-02T22:04:33.630Z] ----------------------------------------------------------------------
[debug] 
[debug] [2026-10-02T22:04:33.712Z] >>> [apiv2][query] GET https://firebase-public.firebaseio.com/cli.json [none]
[debug] [2026-10-02T22:04:37.093Z] > command requires scopes: ["email","openid","https://www.googleapis.com/auth/cloudplatformprojects.readonly","https://www.googleapis.com/auth/firebase","https://www.googleapis.com/auth/cloud-platform"]
[debug] [2026-10-02T22:04:37.093Z] > authorizing via signed-in user (leobranco@eicschool.com.br)
[debug] [2026-10-02T22:04:37.094Z] [iam] checking project eic-worksheets for permissions ["firebase.projects.get","firebasehosting.sites.update"]
[debug] [2026-10-02T22:04:37.094Z] Checked if tokens are valid: false, expires at: 1790964138773
[debug] [2026-10-02T22:04:37.094Z] Checked if tokens are valid: false, expires at: 1790964138773
[debug] [2026-10-02T22:04:37.094Z] > refreshing access token with scopes: []
[debug] [2026-10-02T22:04:37.096Z] >>> [apiv2][query] POST https://www.googleapis.com/oauth2/v3/token [none]
[debug] [2026-10-02T22:04:37.096Z] >>> [apiv2][body] POST https://www.googleapis.com/oauth2/v3/token [omitted]
[debug] [2026-10-02T22:04:37.389Z] <<< [apiv2][status] POST https://www.googleapis.com/oauth2/v3/token 200
[debug] [2026-10-02T22:04:37.389Z] <<< [apiv2][body] POST https://www.googleapis.com/oauth2/v3/token [omitted]
[debug] [2026-10-02T22:04:38.220Z] >>> [apiv2][query] POST https://cloudresourcemanager.googleapis.com/v1/projects/eic-worksheets:testIamPermissions [none]
[debug] [2026-10-02T22:04:38.222Z] >>> [apiv2][(partial)header] POST https://cloudresourcemanager.googleapis.com/v1/projects/eic-worksheets:testIamPermissions  x-goog-user-project=eic-worksheets
[debug] [2026-10-02T22:04:38.224Z] >>> [apiv2][body] POST https://cloudresourcemanager.googleapis.com/v1/projects/eic-worksheets:testIamPermissions {"permissions":["firebase.projects.get","firebasehosting.sites.update"]}
[debug] [2026-10-02T22:04:38.241Z] <<< [apiv2][status] GET https://firebase-public.firebaseio.com/cli.json 200
[debug] [2026-10-02T22:04:38.241Z] <<< [apiv2][body] GET https://firebase-public.firebaseio.com/cli.json {"cloudBuildErrorAfter":1594252800000,"cloudBuildWarnAfter":1590019200000,"defaultNode10After":1594252800000,"minVersion":"3.0.5","node8DeploysDisabledAfter":1613390400000,"node8RuntimeDisabledAfter":1615809600000,"node8WarnAfter":1600128000000}
[debug] [2026-10-02T22:04:33.341Z] Command:       /usr/local/bin/node /usr/local/bin/firebase deploy --only hosting
[debug] [2026-10-02T22:04:33.342Z] CLI Version:   15.24.0
[debug] [2026-10-02T22:04:33.343Z] Platform:      darwin
[debug] [2026-10-02T22:04:33.344Z] Node Version:  v24.14.0
[debug] [2026-10-02T22:04:33.344Z] Detected Agent: unknown
[debug] [2026-10-02T22:04:33.345Z] Time:          Fri Oct 02 2026 19:04:33 GMT-0300 (Brasilia Standard Time)
[debug] [2026-10-02T22:04:33.345Z] ----------------------------------------------------------------------
[debug] 
[debug] [2026-10-02T22:04:33.558Z] >>> [apiv2][query] GET https://firebase-public.firebaseio.com/cli.json [none]
[debug] [2026-10-02T22:04:37.166Z] > command requires scopes: ["email","openid","https://www.googleapis.com/auth/cloudplatformprojects.readonly","https://www.googleapis.com/auth/firebase","https://www.googleapis.com/auth/cloud-platform"]
[debug] [2026-10-02T22:04:37.167Z] > authorizing via signed-in user (leobranco@eicschool.com.br)
[debug] [2026-10-02T22:04:37.167Z] [iam] checking project eic-worksheets for permissions ["firebase.projects.get","firebasehosting.sites.update"]
[debug] [2026-10-02T22:04:37.169Z] Checked if tokens are valid: false, expires at: 1790964138773
[debug] [2026-10-02T22:04:37.170Z] Checked if tokens are valid: false, expires at: 1790964138773
[debug] [2026-10-02T22:04:37.171Z] > refreshing access token with scopes: []
[debug] [2026-10-02T22:04:37.176Z] >>> [apiv2][query] POST https://www.googleapis.com/oauth2/v3/token [none]
[debug] [2026-10-02T22:04:37.176Z] >>> [apiv2][body] POST https://www.googleapis.com/oauth2/v3/token [omitted]
[debug] [2026-10-02T22:04:37.473Z] <<< [apiv2][status] POST https://www.googleapis.com/oauth2/v3/token 200
[debug] [2026-10-02T22:04:37.473Z] <<< [apiv2][body] POST https://www.googleapis.com/oauth2/v3/token [omitted]
[debug] [2026-10-02T22:04:38.210Z] >>> [apiv2][query] POST https://cloudresourcemanager.googleapis.com/v1/projects/eic-worksheets:testIamPermissions [none]
[debug] [2026-10-02T22:04:38.211Z] >>> [apiv2][(partial)header] POST https://cloudresourcemanager.googleapis.com/v1/projects/eic-worksheets:testIamPermissions  x-goog-user-project=eic-worksheets
[debug] [2026-10-02T22:04:38.211Z] >>> [apiv2][body] POST https://cloudresourcemanager.googleapis.com/v1/projects/eic-worksheets:testIamPermissions {"permissions":["firebase.projects.get","firebasehosting.sites.update"]}
[debug] [2026-10-02T22:04:38.226Z] <<< [apiv2][status] GET https://firebase-public.firebaseio.com/cli.json 200
[debug] [2026-10-02T22:04:38.226Z] <<< [apiv2][body] GET https://firebase-public.firebaseio.com/cli.json {"cloudBuildErrorAfter":1594252800000,"cloudBuildWarnAfter":1590019200000,"defaultNode10After":1594252800000,"minVersion":"3.0.5","node8DeploysDisabledAfter":1613390400000,"node8RuntimeDisabledAfter":1615809600000,"node8WarnAfter":1600128000000}
[debug] [2026-10-02T22:04:33.272Z] Command:       /usr/local/bin/node /usr/local/bin/firebase deploy --only hosting
[debug] [2026-10-02T22:04:33.272Z] CLI Version:   15.24.0
[debug] [2026-10-02T22:04:33.272Z] Platform:      darwin
[debug] [2026-10-02T22:04:33.272Z] Node Version:  v24.14.0
[debug] [2026-10-02T22:04:33.272Z] Detected Agent: unknown
[debug] [2026-10-02T22:04:33.273Z] Time:          Fri Oct 02 2026 19:04:33 GMT-0300 (Brasilia Standard Time)
[debug] [2026-10-02T22:04:33.273Z] ----------------------------------------------------------------------
[debug] 
[debug] [2026-10-02T22:04:33.321Z] >>> [apiv2][query] GET https://firebase-public.firebaseio.com/cli.json [none]
[debug] [2026-10-02T22:04:37.091Z] > command requires scopes: ["email","openid","https://www.googleapis.com/auth/cloudplatformprojects.readonly","https://www.googleapis.com/auth/firebase","https://www.googleapis.com/auth/cloud-platform"]
[debug] [2026-10-02T22:04:37.092Z] > authorizing via signed-in user (leobranco@eicschool.com.br)
[debug] [2026-10-02T22:04:37.092Z] [iam] checking project eic-worksheets for permissions ["firebase.projects.get","firebasehosting.sites.update"]
[debug] [2026-10-02T22:04:37.092Z] Checked if tokens are valid: false, expires at: 1790964138773
[debug] [2026-10-02T22:04:37.092Z] Checked if tokens are valid: false, expires at: 1790964138773
[debug] [2026-10-02T22:04:37.093Z] > refreshing access token with scopes: []
[debug] [2026-10-02T22:04:37.096Z] >>> [apiv2][query] POST https://www.googleapis.com/oauth2/v3/token [none]
[debug] [2026-10-02T22:04:37.096Z] >>> [apiv2][body] POST https://www.googleapis.com/oauth2/v3/token [omitted]
[debug] [2026-10-02T22:04:37.429Z] <<< [apiv2][status] POST https://www.googleapis.com/oauth2/v3/token 200
[debug] [2026-10-02T22:04:37.429Z] <<< [apiv2][body] POST https://www.googleapis.com/oauth2/v3/token [omitted]
[debug] [2026-10-02T22:04:38.212Z] >>> [apiv2][query] POST https://cloudresourcemanager.googleapis.com/v1/projects/eic-worksheets:testIamPermissions [none]
[debug] [2026-10-02T22:04:38.213Z] >>> [apiv2][(partial)header] POST https://cloudresourcemanager.googleapis.com/v1/projects/eic-worksheets:testIamPermissions  x-goog-user-project=eic-worksheets
[debug] [2026-10-02T22:04:38.215Z] >>> [apiv2][body] POST https://cloudresourcemanager.googleapis.com/v1/projects/eic-worksheets:testIamPermissions {"permissions":["firebase.projects.get","firebasehosting.sites.update"]}
[debug] [2026-10-02T22:04:38.240Z] <<< [apiv2][status] GET https://firebase-public.firebaseio.com/cli.json 200
[debug] [2026-10-02T22:04:38.240Z] <<< [apiv2][body] GET https://firebase-public.firebaseio.com/cli.json {"cloudBuildErrorAfter":1594252800000,"cloudBuildWarnAfter":1590019200000,"defaultNode10After":1594252800000,"minVersion":"3.0.5","node8DeploysDisabledAfter":1613390400000,"node8RuntimeDisabledAfter":1615809600000,"node8WarnAfter":1600128000000}
[debug] [2026-10-02T22:04:33.291Z] Command:       /usr/local/bin/node /usr/local/bin/firebase deploy --only hosting
[debug] [2026-10-02T22:04:33.292Z] CLI Version:   15.24.0
[debug] [2026-10-02T22:04:33.292Z] Platform:      darwin
[debug] [2026-10-02T22:04:33.292Z] Node Version:  v24.14.0
[debug] [2026-10-02T22:04:33.292Z] Detected Agent: unknown
[debug] [2026-10-02T22:04:33.292Z] Time:          Fri Oct 02 2026 19:04:33 GMT-0300 (Brasilia Standard Time)
[debug] [2026-10-02T22:04:33.292Z] ----------------------------------------------------------------------
[debug] 
[debug] [2026-10-02T22:04:33.384Z] >>> [apiv2][query] GET https://firebase-public.firebaseio.com/cli.json [none]
[debug] [2026-10-02T22:04:37.148Z] > command requires scopes: ["email","openid","https://www.googleapis.com/auth/cloudplatformprojects.readonly","https://www.googleapis.com/auth/firebase","https://www.googleapis.com/auth/cloud-platform"]
[debug] [2026-10-02T22:04:37.149Z] > authorizing via signed-in user (leobranco@eicschool.com.br)
[debug] [2026-10-02T22:04:37.149Z] [iam] checking project eic-worksheets for permissions ["firebase.projects.get","firebasehosting.sites.update"]
[debug] [2026-10-02T22:04:37.150Z] Checked if tokens are valid: false, expires at: 1790964138773
[debug] [2026-10-02T22:04:37.150Z] Checked if tokens are valid: false, expires at: 1790964138773
[debug] [2026-10-02T22:04:37.150Z] > refreshing access token with scopes: []
[debug] [2026-10-02T22:04:37.154Z] >>> [apiv2][query] POST https://www.googleapis.com/oauth2/v3/token [none]
[debug] [2026-10-02T22:04:37.155Z] >>> [apiv2][body] POST https://www.googleapis.com/oauth2/v3/token [omitted]
[debug] [2026-10-02T22:04:37.499Z] <<< [apiv2][status] POST https://www.googleapis.com/oauth2/v3/token 200
[debug] [2026-10-02T22:04:37.499Z] <<< [apiv2][body] POST https://www.googleapis.com/oauth2/v3/token [omitted]
[debug] [2026-10-02T22:04:38.210Z] >>> [apiv2][query] POST https://cloudresourcemanager.googleapis.com/v1/projects/eic-worksheets:testIamPermissions [none]
[debug] [2026-10-02T22:04:38.211Z] >>> [apiv2][(partial)header] POST https://cloudresourcemanager.googleapis.com/v1/projects/eic-worksheets:testIamPermissions  x-goog-user-project=eic-worksheets
[debug] [2026-10-02T22:04:38.213Z] >>> [apiv2][body] POST https://cloudresourcemanager.googleapis.com/v1/projects/eic-worksheets:testIamPermissions {"permissions":["firebase.projects.get","firebasehosting.sites.update"]}
[debug] [2026-10-02T22:04:38.240Z] <<< [apiv2][status] GET https://firebase-public.firebaseio.com/cli.json 200
[debug] [2026-10-02T22:04:38.240Z] <<< [apiv2][body] GET https://firebase-public.firebaseio.com/cli.json {"cloudBuildErrorAfter":1594252800000,"cloudBuildWarnAfter":1590019200000,"defaultNode10After":1594252800000,"minVersion":"3.0.5","node8DeploysDisabledAfter":1613390400000,"node8RuntimeDisabledAfter":1615809600000,"node8WarnAfter":1600128000000}
[debug] [2026-10-02T22:04:33.292Z] Command:       /usr/local/bin/node /usr/local/bin/firebase deploy --only hosting
[debug] [2026-10-02T22:04:33.292Z] CLI Version:   15.24.0
[debug] [2026-10-02T22:04:33.293Z] Platform:      darwin
[debug] [2026-10-02T22:04:33.293Z] Node Version:  v24.14.0
[debug] [2026-10-02T22:04:33.293Z] Detected Agent: unknown
[debug] [2026-10-02T22:04:33.293Z] Time:          Fri Oct 02 2026 19:04:33 GMT-0300 (Brasilia Standard Time)
[debug] [2026-10-02T22:04:33.293Z] ----------------------------------------------------------------------
[debug] 
[debug] [2026-10-02T22:04:33.374Z] >>> [apiv2][query] GET https://firebase-public.firebaseio.com/cli.json [none]
[debug] [2026-10-02T22:04:37.123Z] > command requires scopes: ["email","openid","https://www.googleapis.com/auth/cloudplatformprojects.readonly","https://www.googleapis.com/auth/firebase","https://www.googleapis.com/auth/cloud-platform"]
[debug] [2026-10-02T22:04:37.123Z] > authorizing via signed-in user (leobranco@eicschool.com.br)
[debug] [2026-10-02T22:04:37.123Z] [iam] checking project eic-worksheets for permissions ["firebase.projects.get","firebasehosting.sites.update"]
[debug] [2026-10-02T22:04:37.125Z] Checked if tokens are valid: false, expires at: 1790964138773
[debug] [2026-10-02T22:04:37.125Z] Checked if tokens are valid: false, expires at: 1790964138773
[debug] [2026-10-02T22:04:37.125Z] > refreshing access token with scopes: []
[debug] [2026-10-02T22:04:37.128Z] >>> [apiv2][query] POST https://www.googleapis.com/oauth2/v3/token [none]
[debug] [2026-10-02T22:04:37.128Z] >>> [apiv2][body] POST https://www.googleapis.com/oauth2/v3/token [omitted]
[debug] [2026-10-02T22:04:37.479Z] <<< [apiv2][status] POST https://www.googleapis.com/oauth2/v3/token 200
[debug] [2026-10-02T22:04:37.481Z] <<< [apiv2][body] POST https://www.googleapis.com/oauth2/v3/token [omitted]
[debug] [2026-10-02T22:04:38.211Z] >>> [apiv2][query] POST https://cloudresourcemanager.googleapis.com/v1/projects/eic-worksheets:testIamPermissions [none]
[debug] [2026-10-02T22:04:38.213Z] >>> [apiv2][(partial)header] POST https://cloudresourcemanager.googleapis.com/v1/projects/eic-worksheets:testIamPermissions  x-goog-user-project=eic-worksheets
[debug] [2026-10-02T22:04:38.213Z] >>> [apiv2][body] POST https://cloudresourcemanager.googleapis.com/v1/projects/eic-worksheets:testIamPermissions {"permissions":["firebase.projects.get","firebasehosting.sites.update"]}
[debug] [2026-10-02T22:04:38.243Z] <<< [apiv2][status] GET https://firebase-public.firebaseio.com/cli.json 200
[debug] [2026-10-02T22:04:38.243Z] <<< [apiv2][body] GET https://firebase-public.firebaseio.com/cli.json {"cloudBuildErrorAfter":1594252800000,"cloudBuildWarnAfter":1590019200000,"defaultNode10After":1594252800000,"minVersion":"3.0.5","node8DeploysDisabledAfter":1613390400000,"node8RuntimeDisabledAfter":1615809600000,"node8WarnAfter":1600128000000}
[debug] [2026-10-02T22:04:38.614Z] <<< [apiv2][status] POST https://cloudresourcemanager.googleapis.com/v1/projects/eic-worksheets:testIamPermissions 200
[debug] [2026-10-02T22:04:38.614Z] <<< [apiv2][body] POST https://cloudresourcemanager.googleapis.com/v1/projects/eic-worksheets:testIamPermissions {"permissions":["firebase.projects.get","firebasehosting.sites.update"]}
[debug] [2026-10-02T22:04:38.615Z] Checked if tokens are valid: true, expires at: 1790982276594
[debug] [2026-10-02T22:04:38.615Z] Checked if tokens are valid: true, expires at: 1790982276594
[debug] [2026-10-02T22:04:38.615Z] >>> [apiv2][query] GET https://firebase.googleapis.com/v1beta1/projects/eic-worksheets [none]
[debug] [2026-10-02T22:04:38.681Z] <<< [apiv2][status] POST https://cloudresourcemanager.googleapis.com/v1/projects/eic-worksheets:testIamPermissions 200
[debug] [2026-10-02T22:04:38.681Z] <<< [apiv2][body] POST https://cloudresourcemanager.googleapis.com/v1/projects/eic-worksheets:testIamPermissions {"permissions":["firebase.projects.get","firebasehosting.sites.update"]}
[debug] [2026-10-02T22:04:38.684Z] Checked if tokens are valid: true, expires at: 1790982276597
[debug] [2026-10-02T22:04:38.684Z] Checked if tokens are valid: true, expires at: 1790982276597
[debug] [2026-10-02T22:04:38.685Z] >>> [apiv2][query] GET https://firebase.googleapis.com/v1beta1/projects/eic-worksheets [none]
[debug] [2026-10-02T22:04:39.187Z] <<< [apiv2][status] GET https://firebase.googleapis.com/v1beta1/projects/eic-worksheets 200
[debug] [2026-10-02T22:04:39.187Z] <<< [apiv2][status] GET https://firebase.googleapis.com/v1beta1/projects/eic-worksheets 200
[debug] [2026-10-02T22:04:39.187Z] <<< [apiv2][body] GET https://firebase.googleapis.com/v1beta1/projects/eic-worksheets {"projectId":"eic-worksheets","projectNumber":"671300791274","displayName":"EIC Worksheets","name":"projects/eic-worksheets","resources":{"hostingSite":"eic-worksheets"},"state":"ACTIVE","labels":{"firebase":"enabled","firebase/storage-default-bucket":"created"},"etag":"1_c12d74d6-dbe1-463d-8e64-c45397cbd183"}
[info] 
[info] === Deploying to 'eic-worksheets'...
[info] 
[info] i  deploying hosting 
[info] Running command: node generate-hub.cjs
[debug] [2026-10-02T22:04:39.187Z] <<< [apiv2][body] GET https://firebase.googleapis.com/v1beta1/projects/eic-worksheets {"projectId":"eic-worksheets","projectNumber":"671300791274","displayName":"EIC Worksheets","name":"projects/eic-worksheets","resources":{"hostingSite":"eic-worksheets"},"state":"ACTIVE","labels":{"firebase":"enabled","firebase/storage-default-bucket":"created"},"etag":"1_c12d74d6-dbe1-463d-8e64-c45397cbd183"}
[info] 
[info] === Deploying to 'eic-worksheets'...
[info] 
[info] i  deploying hosting 
[info] Running command: node generate-hub.cjs
[debug] [2026-10-02T22:04:39.257Z] <<< [apiv2][status] POST https://cloudresourcemanager.googleapis.com/v1/projects/eic-worksheets:testIamPermissions 200
[debug] [2026-10-02T22:04:39.257Z] <<< [apiv2][body] POST https://cloudresourcemanager.googleapis.com/v1/projects/eic-worksheets:testIamPermissions {"permissions":["firebase.projects.get","firebasehosting.sites.update"]}
[debug] [2026-10-02T22:04:39.259Z] Checked if tokens are valid: true, expires at: 1790982276592
[debug] [2026-10-02T22:04:39.259Z] Checked if tokens are valid: true, expires at: 1790982276592
[debug] [2026-10-02T22:04:39.259Z] >>> [apiv2][query] GET https://firebase.googleapis.com/v1beta1/projects/eic-worksheets [none]
[debug] [2026-10-02T22:04:39.273Z] <<< [apiv2][status] POST https://cloudresourcemanager.googleapis.com/v1/projects/eic-worksheets:testIamPermissions 200
[debug] [2026-10-02T22:04:39.276Z] <<< [apiv2][status] POST https://cloudresourcemanager.googleapis.com/v1/projects/eic-worksheets:testIamPermissions 200
[debug] [2026-10-02T22:04:39.277Z] <<< [apiv2][status] POST https://cloudresourcemanager.googleapis.com/v1/projects/eic-worksheets:testIamPermissions 200
[debug] [2026-10-02T22:04:39.273Z] <<< [apiv2][body] POST https://cloudresourcemanager.googleapis.com/v1/projects/eic-worksheets:testIamPermissions {"permissions":["firebase.projects.get","firebasehosting.sites.update"]}
[debug] [2026-10-02T22:04:39.275Z] Checked if tokens are valid: true, expires at: 1790982276499
[debug] [2026-10-02T22:04:39.275Z] Checked if tokens are valid: true, expires at: 1790982276499
[debug] [2026-10-02T22:04:39.276Z] >>> [apiv2][query] GET https://firebase.googleapis.com/v1beta1/projects/eic-worksheets [none]
[debug] [2026-10-02T22:04:39.281Z] <<< [apiv2][status] POST https://cloudresourcemanager.googleapis.com/v1/projects/eic-worksheets:testIamPermissions 200
[debug] [2026-10-02T22:04:39.282Z] <<< [apiv2][body] POST https://cloudresourcemanager.googleapis.com/v1/projects/eic-worksheets:testIamPermissions {"permissions":["firebase.projects.get","firebasehosting.sites.update"]}
[debug] [2026-10-02T22:04:39.283Z] Checked if tokens are valid: true, expires at: 1790982276437
[debug] [2026-10-02T22:04:39.283Z] Checked if tokens are valid: true, expires at: 1790982276437
[debug] [2026-10-02T22:04:39.283Z] >>> [apiv2][query] GET https://firebase.googleapis.com/v1beta1/projects/eic-worksheets [none]
[debug] [2026-10-02T22:04:39.276Z] <<< [apiv2][body] POST https://cloudresourcemanager.googleapis.com/v1/projects/eic-worksheets:testIamPermissions {"permissions":["firebase.projects.get","firebasehosting.sites.update"]}
[debug] [2026-10-02T22:04:39.278Z] Checked if tokens are valid: true, expires at: 1790982276473
[debug] [2026-10-02T22:04:39.278Z] Checked if tokens are valid: true, expires at: 1790982276473
[debug] [2026-10-02T22:04:39.278Z] >>> [apiv2][query] GET https://firebase.googleapis.com/v1beta1/projects/eic-worksheets [none]
[debug] [2026-10-02T22:04:39.285Z] <<< [apiv2][status] POST https://cloudresourcemanager.googleapis.com/v1/projects/eic-worksheets:testIamPermissions 200
[debug] [2026-10-02T22:04:39.286Z] <<< [apiv2][status] POST https://cloudresourcemanager.googleapis.com/v1/projects/eic-worksheets:testIamPermissions 200
[debug] [2026-10-02T22:04:39.277Z] <<< [apiv2][body] POST https://cloudresourcemanager.googleapis.com/v1/projects/eic-worksheets:testIamPermissions {"permissions":["firebase.projects.get","firebasehosting.sites.update"]}
[debug] [2026-10-02T22:04:39.285Z] Checked if tokens are valid: true, expires at: 1790982276389
[debug] [2026-10-02T22:04:39.285Z] Checked if tokens are valid: true, expires at: 1790982276389
[debug] [2026-10-02T22:04:39.285Z] >>> [apiv2][query] GET https://firebase.googleapis.com/v1beta1/projects/eic-worksheets [none]
[debug] [2026-10-02T22:04:39.285Z] <<< [apiv2][body] POST https://cloudresourcemanager.googleapis.com/v1/projects/eic-worksheets:testIamPermissions {"permissions":["firebase.projects.get","firebasehosting.sites.update"]}
[debug] [2026-10-02T22:04:39.286Z] Checked if tokens are valid: true, expires at: 1790982276429
[debug] [2026-10-02T22:04:39.286Z] Checked if tokens are valid: true, expires at: 1790982276429
[debug] [2026-10-02T22:04:39.286Z] >>> [apiv2][query] GET https://firebase.googleapis.com/v1beta1/projects/eic-worksheets [none]
[debug] [2026-10-02T22:04:39.286Z] <<< [apiv2][body] POST https://cloudresourcemanager.googleapis.com/v1/projects/eic-worksheets:testIamPermissions {"permissions":["firebase.projects.get","firebasehosting.sites.update"]}
[debug] [2026-10-02T22:04:39.288Z] Checked if tokens are valid: true, expires at: 1790982276391
[debug] [2026-10-02T22:04:39.288Z] Checked if tokens are valid: true, expires at: 1790982276391
[debug] [2026-10-02T22:04:39.289Z] >>> [apiv2][query] GET https://firebase.googleapis.com/v1beta1/projects/eic-worksheets [none]
[debug] [2026-10-02T22:04:39.427Z] <<< [apiv2][status] POST https://cloudresourcemanager.googleapis.com/v1/projects/eic-worksheets:testIamPermissions 200
[debug] [2026-10-02T22:04:39.427Z] <<< [apiv2][body] POST https://cloudresourcemanager.googleapis.com/v1/projects/eic-worksheets:testIamPermissions {"permissions":["firebase.projects.get","firebasehosting.sites.update"]}
[debug] [2026-10-02T22:04:39.428Z] Checked if tokens are valid: true, expires at: 1790982276481
[debug] [2026-10-02T22:04:39.428Z] Checked if tokens are valid: true, expires at: 1790982276481
[debug] [2026-10-02T22:04:39.428Z] >>> [apiv2][query] GET https://firebase.googleapis.com/v1beta1/projects/eic-worksheets [none]
[debug] [2026-10-02T22:04:39.734Z] <<< [apiv2][status] GET https://firebase.googleapis.com/v1beta1/projects/eic-worksheets 200
[debug] [2026-10-02T22:04:39.735Z] <<< [apiv2][status] GET https://firebase.googleapis.com/v1beta1/projects/eic-worksheets 200
[debug] [2026-10-02T22:04:39.735Z] <<< [apiv2][body] GET https://firebase.googleapis.com/v1beta1/projects/eic-worksheets {"projectId":"eic-worksheets","projectNumber":"671300791274","displayName":"EIC Worksheets","name":"projects/eic-worksheets","resources":{"hostingSite":"eic-worksheets"},"state":"ACTIVE","labels":{"firebase":"enabled","firebase/storage-default-bucket":"created"},"etag":"1_c12d74d6-dbe1-463d-8e64-c45397cbd183"}
[info] 
[info] === Deploying to 'eic-worksheets'...
[info] 
[info] i  deploying hosting 
[info] Running command: node generate-hub.cjs
[debug] [2026-10-02T22:04:39.735Z] <<< [apiv2][body] GET https://firebase.googleapis.com/v1beta1/projects/eic-worksheets {"projectId":"eic-worksheets","projectNumber":"671300791274","displayName":"EIC Worksheets","name":"projects/eic-worksheets","resources":{"hostingSite":"eic-worksheets"},"state":"ACTIVE","labels":{"firebase":"enabled","firebase/storage-default-bucket":"created"},"etag":"1_c12d74d6-dbe1-463d-8e64-c45397cbd183"}
[info] 
[info] === Deploying to 'eic-worksheets'...
[info] 
[info] i  deploying hosting 
[info] Running command: node generate-hub.cjs
[debug] [2026-10-02T22:04:39.757Z] <<< [apiv2][status] GET https://firebase.googleapis.com/v1beta1/projects/eic-worksheets 200
[debug] [2026-10-02T22:04:39.759Z] <<< [apiv2][status] GET https://firebase.googleapis.com/v1beta1/projects/eic-worksheets 200
[debug] [2026-10-02T22:04:39.761Z] <<< [apiv2][status] GET https://firebase.googleapis.com/v1beta1/projects/eic-worksheets 200
[debug] [2026-10-02T22:04:39.765Z] <<< [apiv2][status] GET https://firebase.googleapis.com/v1beta1/projects/eic-worksheets 200
[debug] [2026-10-02T22:04:39.759Z] <<< [apiv2][body] GET https://firebase.googleapis.com/v1beta1/projects/eic-worksheets {"projectId":"eic-worksheets","projectNumber":"671300791274","displayName":"EIC Worksheets","name":"projects/eic-worksheets","resources":{"hostingSite":"eic-worksheets"},"state":"ACTIVE","labels":{"firebase":"enabled","firebase/storage-default-bucket":"created"},"etag":"1_c12d74d6-dbe1-463d-8e64-c45397cbd183"}
[info] 
[info] === Deploying to 'eic-worksheets'...
[info] 
[info] i  deploying hosting 
[info] Running command: node generate-hub.cjs
[debug] [2026-10-02T22:04:39.761Z] <<< [apiv2][body] GET https://firebase.googleapis.com/v1beta1/projects/eic-worksheets {"projectId":"eic-worksheets","projectNumber":"671300791274","displayName":"EIC Worksheets","name":"projects/eic-worksheets","resources":{"hostingSite":"eic-worksheets"},"state":"ACTIVE","labels":{"firebase":"enabled","firebase/storage-default-bucket":"created"},"etag":"1_c12d74d6-dbe1-463d-8e64-c45397cbd183"}
[info] 
[info] === Deploying to 'eic-worksheets'...
[info] 
[info] i  deploying hosting 
[info] Running command: node generate-hub.cjs
[debug] [2026-10-02T22:04:39.758Z] <<< [apiv2][body] GET https://firebase.googleapis.com/v1beta1/projects/eic-worksheets {"projectId":"eic-worksheets","projectNumber":"671300791274","displayName":"EIC Worksheets","name":"projects/eic-worksheets","resources":{"hostingSite":"eic-worksheets"},"state":"ACTIVE","labels":{"firebase":"enabled","firebase/storage-default-bucket":"created"},"etag":"1_c12d74d6-dbe1-463d-8e64-c45397cbd183"}
[info] 
[info] === Deploying to 'eic-worksheets'...
[info] 
[info] i  deploying hosting 
[info] Running command: node generate-hub.cjs
[debug] [2026-10-02T22:04:39.765Z] <<< [apiv2][body] GET https://firebase.googleapis.com/v1beta1/projects/eic-worksheets {"projectId":"eic-worksheets","projectNumber":"671300791274","displayName":"EIC Worksheets","name":"projects/eic-worksheets","resources":{"hostingSite":"eic-worksheets"},"state":"ACTIVE","labels":{"firebase":"enabled","firebase/storage-default-bucket":"created"},"etag":"1_c12d74d6-dbe1-463d-8e64-c45397cbd183"}
[info] 
[info] === Deploying to 'eic-worksheets'...
[info] 
[info] i  deploying hosting 
[info] Running command: node generate-hub.cjs
[debug] [2026-10-02T22:04:39.781Z] <<< [apiv2][status] GET https://firebase.googleapis.com/v1beta1/projects/eic-worksheets 200
[debug] [2026-10-02T22:04:39.781Z] <<< [apiv2][body] GET https://firebase.googleapis.com/v1beta1/projects/eic-worksheets {"projectId":"eic-worksheets","projectNumber":"671300791274","displayName":"EIC Worksheets","name":"projects/eic-worksheets","resources":{"hostingSite":"eic-worksheets"},"state":"ACTIVE","labels":{"firebase":"enabled","firebase/storage-default-bucket":"created"},"etag":"1_c12d74d6-dbe1-463d-8e64-c45397cbd183"}
[info] 
[info] === Deploying to 'eic-worksheets'...
[info] 
[info] i  deploying hosting 
[info] Running command: node generate-hub.cjs
[debug] [2026-10-02T22:04:39.884Z] <<< [apiv2][status] GET https://firebase.googleapis.com/v1beta1/projects/eic-worksheets 200
[debug] [2026-10-02T22:04:39.884Z] <<< [apiv2][body] GET https://firebase.googleapis.com/v1beta1/projects/eic-worksheets {"projectId":"eic-worksheets","projectNumber":"671300791274","displayName":"EIC Worksheets","name":"projects/eic-worksheets","resources":{"hostingSite":"eic-worksheets"},"state":"ACTIVE","labels":{"firebase":"enabled","firebase/storage-default-bucket":"created"},"etag":"1_c12d74d6-dbe1-463d-8e64-c45397cbd183"}
[info] 
[info] === Deploying to 'eic-worksheets'...
[info] 
[info] i  deploying hosting 
[info] Running command: node generate-hub.cjs
